// Jest Snapshot v1, https://goo.gl/fbAQLP

exports[`InputDatePicker basic snapshot 1`] = `
<div
  className="DayPickerInput"
>
  <input
    onBlur={[Function]}
    onChange={[Function]}
    onClick={[Function]}
    onFocus={[Function]}
    onKeyDown={[Function]}
    onKeyUp={[Function]}
    placeholder="MM/DD/YYYY"
    value="09/02/2019"
  />
</div>
`;
